WARNING: act III is STALE and seated anyway (--allow-stale): Act III — mrbobbytables: August 2026 contributors (partially complete)
megacut: cluster reachable; ENCODE segments run on exo-0 (--local to force this host)
assembling 16 items -> /var/home/jorge/Videos/Wolves/megacut/seven-days-to-the-wolves-v3.6.mp4
  conform [cache-hit]: Act I — Into the Light: six Guardians plated, the comic card, dialogue-free score
  conform [cache-hit]: Act II — Endless Forms Most Beautiful: Bungie's live-action trailers, one song end to end
  conform [cache-hit]: Act III — mrbobbytables: August 2026 contributors (partially complete)
  conform [cache-hit]: Act IV — Kat Cosgrove: Guardian intro
  conform [cache-hit]: Act V — Natali Vlatko: Guardian arrival
  conform [cache-hit]: Act VI — Seven Days to the Wolves: the musical, CUT ON THE LAST SHOT CHANGE (430.997) so the song hands straight to the next one and the closing flash never plays
  conform [cache-hit]: Act VII — Europa Director's Cut (no slide: a quick cut off movement 4; runs out on its own fade to black)
  segment 1/16 [copy]: Prologue — main title: 'Perfume Of The Timeless' 0 - 91.2, the title at 0:11, then the March day->night bridge
  segment 2/16 [encode->farm]: Act I — Into the Light: six Guardians plated, the comic card, dialogue-free score
  segment 3/16 [copy]: Perfume, movement 2 — source 93.000 -> 159.400, after the Destiny intro
  segment 4/16 [encode->farm]: Act II — Endless Forms Most Beautiful: Bungie's live-action trailers, one song end to end
  segment 5/16 [copy]: Act III — mrbobbytables: August 2026 contributors (partially complete)
  segment 6/16 [copy]: Perfume, movement 3 — source 159.400 -> 274.240, after mrbobbytables
  segment 7/16 [copy]: Act IV — Kat Cosgrove: Guardian intro
  segment 8/16 [copy]: Act V — Natali Vlatko: Guardian arrival
  segment 9/16 [encode->farm]: Interstitial — ON THE LINUX DESKTOP / NO ONE CAN HEAR YOU SCREAM
  segment 10/16 [encode->farm]: Act VI — Seven Days to the Wolves: the musical, CUT ON THE LAST SHOT CHANGE (430.997) so the song hands straight to the next one and the closing flash never plays
  segment 11/16 [copy]: Perfume, movement 4 — source 274.240 -> 389.800, wolves straight in ON ITS FIRST HIT, straight out to Europa
  segment 12/16 [encode->farm]: Act VII — Europa Director's Cut (no slide: a quick cut off movement 4; runs out on its own fade to black)
  segment 13/16 [copy]: Ending — the Project Bluefin mission, in silence
  segment 14/16 [encode->farm]: Perfume, movement 5a — source 389.800 -> 393.560, the dark Earth limb before the impact
  segment 15/16 [encode->farm]: Perfume, movement 5b — source 393.560 onward: the impact, then the underwater passage and its seven lines
  segment 16/16 [copy]: Act VIII — Credits
  farming 7 encode segment(s) to the cluster, 3 in flight x 8 threads
Input #0, mov,mp4,m4a,3gp,3g2,mj2, from '/var/home/jorge/Videos/Wolves/Prod/00-prologue.mp4':
  Metadata:
    major_brand     : isom
    minor_version   : 512
    compatible_brands: isomiso2avc1mp41
    encoder         : Lavf62.12.100
  Duration: 00:01:41.20, start: 0.000000, bitrate: 6014 kb/s
  Stream #0:0[0x1](und): Video: h264 (High) (avc1 / 0x31637661), yuv420p(tv, bt709, progressive), 1920x1080 [SAR 1:1 DAR 16:9], 4472 kb/s, 59.94 fps, 59.94 tbr, 60k tbn (default)
    Metadata:
      handler_name    : VideoHandler
      encoder         : Lavc62.28.100 libx264
  Stream #0:1[0x2](und): Audio: flac (fLaC / 0x43614C66), 48000 Hz, stereo, s32 (24 bit), 1534 kb/s (default)
    Metadata:
      handler_name    : SoundHandler
Input #0, mov,mp4,m4a,3gp,3g2,mj2, from '/var/home/jorge/src/destiny-vids/renders/perfume-2.mp4':
  Metadata:
    major_brand     : isom
    minor_version   : 512
    compatible_brands: isomiso2avc1mp41
    encoder         : Lavf62.12.100
  Duration: 00:01:06.40, start: 0.000000, bitrate: 6315 kb/s
  Stream #0:0[0x1](und): Video: h264 (High) (avc1 / 0x31637661), yuv420p(tv, bt709, progressive), 1920x1080 [SAR 1:1 DAR 16:9], 4717 kb/s, 59.94 fps, 59.94 tbr, 60k tbn (default)
    Metadata:
      handler_name    : VideoHandler
      encoder         : Lavc62.28.100 libx264
  Stream #0:1[0x2](und): Audio: flac (fLaC / 0x43614C66), 48000 Hz, stereo, s32 (24 bit), 1591 kb/s (default)
    Metadata:
      handler_name    : SoundHandler
Stream mapping:
  Stream #0:0 -> #0:0 (copy)
  Stream #0:1 -> #0:1 (flac (native) -> pcm_s24le (native))
Stream mapping:
  Stream #0:0 -> #0:0 (copy)
  Stream #0:1 -> #0:1 (flac (native) -> pcm_s24le (native))
Output #0, matroska, to '/var/tmp/megacut-4fyur41l/seg000.mkv':
  Metadata:
    major_brand     : isom
    minor_version   : 512
    compatible_brands: isomiso2avc1mp41
    encoder         : Lavf63.1.101
  Stream #0:0(und): Video: h264 (High) (avc1 / 0x31637661), yuv420p(tv, bt709, progressive), 1920x1080 [SAR 1:1 DAR 16:9], q=2-31, 4472 kb/s, 59.94 fps, 59.94 tbr, 1k tbn (default)
    Metadata:
      handler_name    : VideoHandler
      encoder         : Lavc62.28.100 libx264
  Stream #0:1(und): Audio: pcm_s24le ([1][0][0][0] / 0x0001), 48000 Hz, stereo, s32 (24 bit), 2304 kb/s (default)
    Metadata:
      encoder         : Lavc63.1.101 pcm_s24le
      handler_name    : SoundHandler
[Parsed_volume_4 @ 0x7fb1d4014f80] Invalid value NaN for volume, setting to 0
Output #0, matroska, to '/var/tmp/megacut-4fyur41l/seg002.mkv':
  Metadata:
    major_brand     : isom
    minor_version   : 512
    compatible_brands: isomiso2avc1mp41
    encoder         : Lavf63.1.101
  Stream #0:0(und): Video: h264 (High) (avc1 / 0x31637661), yuv420p(tv, bt709, progressive), 1920x1080 [SAR 1:1 DAR 16:9], q=2-31, 4717 kb/s, 59.94 fps, 59.94 tbr, 1k tbn (default)
    Metadata:
      handler_name    : VideoHandler
      encoder         : Lavc62.28.100 libx264
  Stream #0:1(und): Audio: pcm_s24le ([1][0][0][0] / 0x0001), 48000 Hz, stereo, s32 (24 bit), 2304 kb/s (default)
    Metadata:
      encoder         : Lavc63.1.101 pcm_s24le
      handler_name    : SoundHandler
[out#0/matroska @ 0x55b760bd9980] video:38235KiB audio:18675KiB subtitle:0KiB other streams:0KiB global headers:0KiB muxing overhead: 0.062323%
frame= 3980 fps=0.0 q=-1.0 Lsize=   56945KiB time=00:01:06.40 bitrate=7025.5kbits/s speed= 842x elapsed=0:00:00.07    
[out#0/matroska @ 0x55802121d1c0] video:55252KiB audio:28462KiB subtitle:0KiB other streams:0KiB global headers:0KiB muxing overhead: 0.062573%
frame= 6066 fps=0.0 q=-1.0 Lsize=   83767KiB time=00:01:41.20 bitrate=6780.8kbits/s speed= 916x elapsed=0:00:00.11    
Input #0, mov,mp4,m4a,3gp,3g2,mj2, from '/var/home/jorge/.cache/destiny-vids/conform/delivery-v1/8eada24e91ef8b8cf3bb6209f1c47743a44ca14816eca73f3648ddba96cb4d61.mp4':
  Metadata:
    major_brand     : isom
    minor_version   : 512
    compatible_brands: isomiso2avc1mp41
    encoder         : Lavf63.1.101
  Duration: 00:02:40.19, start: 0.000000, bitrate: 8136 kb/s
  Stream #0:0[0x1](und): Video: h264 (High) (avc1 / 0x31637661), yuv420p(tv, bt709, progressive), 1920x1080 [SAR 1:1 DAR 16:9], 6440 kb/s, 59.94 fps, 59.94 tbr, 60k tbn (default)
    Metadata:
      handler_name    : VideoHandler
      encoder         : Lavc63.1.101 libx264
  Stream #0:1[0x2](und): Audio: flac (fLaC / 0x43614C66), 48000 Hz, stereo, s32 (24 bit), 1690 kb/s (default)
    Metadata:
      handler_name    : SoundHandler
Stream mapping:
  Stream #0:0 -> #0:0 (copy)
  Stream #0:1 -> #0:1 (flac (native) -> pcm_s24le (native))
Output #0, matroska, to '/var/tmp/megacut-4fyur41l/seg004.mkv':
  Metadata:
    major_brand     : isom
    minor_version   : 512
    compatible_brands: isomiso2avc1mp41
    encoder         : Lavf63.1.101
  Stream #0:0(und): Video: h264 (High) (avc1 / 0x31637661), yuv420p(tv, bt709, progressive), 1920x1080 [SAR 1:1 DAR 16:9], q=2-31, 6440 kb/s, 59.94 fps, 59.94 tbr, 1k tbn (default)
    Metadata:
      handler_name    : VideoHandler
      encoder         : Lavc63.1.101 libx264
  Stream #0:1(und): Audio: pcm_s24le ([1][0][0][0] / 0x0001), 48000 Hz, stereo, s32 (24 bit), 2304 kb/s (default)
    Metadata:
      encoder         : Lavc63.1.101 pcm_s24le
      handler_name    : SoundHandler
Input #0, mov,mp4,m4a,3gp,3g2,mj2, from '/var/home/jorge/src/destiny-vids/renders/perfume-3.mp4':
  Metadata:
    major_brand     : isom
    minor_version   : 512
    compatible_brands: isomiso2avc1mp41
    encoder         : Lavf62.12.100
  Duration: 00:01:54.85, start: 0.000000, bitrate: 6480 kb/s
  Stream #0:0[0x1](und): Video: h264 (High) (avc1 / 0x31637661), yuv420p(tv, bt709, progressive), 1920x1080 [SAR 1:1 DAR 16:9], 4592 kb/s, 59.94 fps, 59.94 tbr, 60k tbn (default)
    Metadata:
      handler_name    : VideoHandler
      encoder         : Lavc62.28.100 libx264
  Stream #0:1[0x2](und): Audio: flac (fLaC / 0x43614C66), 48000 Hz, stereo, s32 (24 bit), 1880 kb/s (default)
    Metadata:
      handler_name    : SoundHandler
Stream mapping:
  Stream #0:0 -> #0:0 (copy)
  Stream #0:1 -> #0:1 (flac (native) -> pcm_s24le (native))
Output #0, matroska, to '/var/tmp/megacut-4fyur41l/seg005.mkv':
  Metadata:
    major_brand     : isom
    minor_version   : 512
    compatible_brands: isomiso2avc1mp41
    encoder         : Lavf63.1.101
  Stream #0:0(und): Video: h264 (High) (avc1 / 0x31637661), yuv420p(tv, bt709, progressive), 1920x1080 [SAR 1:1 DAR 16:9], q=2-31, 4592 kb/s, 59.94 fps, 59.94 tbr, 1k tbn (default)
    Metadata:
      handler_name    : VideoHandler
      encoder         : Lavc62.28.100 libx264
  Stream #0:1(und): Audio: pcm_s24le ([1][0][0][0] / 0x0001), 48000 Hz, stereo, s32 (24 bit), 2304 kb/s (default)
    Metadata:
      encoder         : Lavc63.1.101 pcm_s24le
      handler_name    : SoundHandler
[out#0/matroska @ 0x55e99a552b80] video:64388KiB audio:32299KiB subtitle:0KiB other streams:0KiB global headers:0KiB muxing overhead: 0.061629%
frame= 6884 fps=0.0 q=-1.0 Lsize=   96746KiB time=00:01:54.84 bitrate=6901.3kbits/s speed= 804x elapsed=0:00:00.14    
[out#0/matroska @ 0x561c4b001840] video:125939KiB audio:45036KiB subtitle:0KiB other streams:0KiB global headers:0KiB muxing overhead: 0.049659%
frame= 9602 fps=0.0 q=-1.0 Lsize=  171060KiB time=00:02:40.16 bitrate=8749.5kbits/s speed= 725x elapsed=0:00:00.22    
Input #0, mov,mp4,m4a,3gp,3g2,mj2, from '/var/home/jorge/.cache/destiny-vids/conform/delivery-v1/78ba37fcf9df78cab569107d241119b6761b01f39472a7e1abbaee69b4e5aa7d.mp4':
  Metadata:
    major_brand     : isom
    minor_version   : 512
    compatible_brands: isomiso2avc1mp41
    encoder         : Lavf63.1.101
  Duration: 00:00:34.00, start: 0.000000, bitrate: 9920 kb/s
  Stream #0:0[0x1](und): Video: h264 (High) (avc1 / 0x31637661), yuv420p(tv, bt709, progressive), 1920x1080 [SAR 1:1 DAR 16:9], 8083 kb/s, 59.94 fps, 59.94 tbr, 60k tbn (default)
    Metadata:
      handler_name    : VideoHandler
      encoder         : Lavc63.1.101 libx264
  Stream #0:1[0x2](und): Audio: flac (fLaC / 0x43614C66), 48000 Hz, stereo, s32 (24 bit), 1829 kb/s (default)
    Metadata:
      handler_name    : SoundHandler
Stream mapping:
  Stream #0:0 -> #0:0 (copy)
  Stream #0:1 -> #0:1 (flac (native) -> pcm_s24le (native))
Output #0, matroska, to '/var/tmp/megacut-4fyur41l/seg006.mkv':
  Metadata:
    major_brand     : isom
    minor_version   : 512
    compatible_brands: isomiso2avc1mp41
    encoder         : Lavf63.1.101
  Stream #0:0(und): Video: h264 (High) (avc1 / 0x31637661), yuv420p(tv, bt709, progressive), 1920x1080 [SAR 1:1 DAR 16:9], q=2-31, 8083 kb/s, 59.94 fps, 59.94 tbr, 1k tbn (default)
    Metadata:
      handler_name    : VideoHandler
      encoder         : Lavc63.1.101 libx264
  Stream #0:1(und): Audio: pcm_s24le ([1][0][0][0] / 0x0001), 48000 Hz, stereo, s32 (24 bit), 2304 kb/s (default)
    Metadata:
      encoder         : Lavc63.1.101 pcm_s24le
      handler_name    : SoundHandler
Input #0, mov,mp4,m4a,3gp,3g2,mj2, from '/var/home/jorge/.cache/destiny-vids/conform/delivery-v1/60e9b8024001cbecbd1d0bf89c556f4968e35c8527b84479a27498541d3a6726.mp4':
  Metadata:
    major_brand     : isom
    minor_version   : 512
    compatible_brands: isomiso2avc1mp41
    encoder         : Lavf63.1.101
  Duration: 00:00:25.26, start: 0.000000, bitrate: 8925 kb/s
  Stream #0:0[0x1](und): Video: h264 (High) (avc1 / 0x31637661), yuv420p(tv, bt709, progressive), 1920x1080 [SAR 1:1 DAR 16:9], 7114 kb/s, 59.94 fps, 59.94 tbr, 60k tbn (default)
    Metadata:
      handler_name    : VideoHandler
      encoder         : Lavc63.1.101 libx264
  Stream #0:1[0x2](und): Audio: flac (fLaC / 0x43614C66), 48000 Hz, stereo, s32 (24 bit), 1804 kb/s (default)
    Metadata:
      handler_name    : SoundHandler
Stream mapping:
  Stream #0:0 -> #0:0 (copy)
  Stream #0:1 -> #0:1 (flac (native) -> pcm_s24le (native))
Output #0, matroska, to '/var/tmp/megacut-4fyur41l/seg007.mkv':
  Metadata:
    major_brand     : isom
    minor_version   : 512
    compatible_brands: isomiso2avc1mp41
    encoder         : Lavf63.1.101
  Stream #0:0(und): Video: h264 (High) (avc1 / 0x31637661), yuv420p(tv, bt709, progressive), 1920x1080 [SAR 1:1 DAR 16:9], q=2-31, 7114 kb/s, 59.94 fps, 59.94 tbr, 1k tbn (default)
    Metadata:
      handler_name    : VideoHandler
      encoder         : Lavc63.1.101 libx264
  Stream #0:1(und): Audio: pcm_s24le ([1][0][0][0] / 0x0001), 48000 Hz, stereo, s32 (24 bit), 2304 kb/s (default)
    Metadata:
      encoder         : Lavc63.1.101 pcm_s24le
      handler_name    : SoundHandler
[out#0/matroska @ 0x561303492d00] video:33551KiB audio:9562KiB subtitle:0KiB other streams:0KiB global headers:0KiB muxing overhead: 0.043859%
frame= 2038 fps=0.0 q=-1.0 Lsize=   43132KiB time=00:00:34.00 bitrate=10392.3kbits/s speed= 430x elapsed=0:00:00.07    
[out#0/matroska @ 0x55c1e496f600] video:21937KiB audio:7102KiB subtitle:0KiB other streams:0KiB global headers:0KiB muxing overhead: 0.049177%
frame= 1514 fps=0.0 q=-1.0 Lsize=   29053KiB time=00:00:25.25 bitrate=9425.8kbits/s speed= 470x elapsed=0:00:00.05    
Input #0, mov,mp4,m4a,3gp,3g2,mj2, from '/var/home/jorge/src/destiny-vids/renders/perfume-4.mp4':
  Metadata:
    major_brand     : isom
    minor_version   : 512
    compatible_brands: isomiso2avc1mp41
    encoder         : Lavf62.12.100
  Duration: 00:01:55.57, start: 0.000000, bitrate: 7679 kb/s
  Stream #0:0[0x1](und): Video: h264 (High) (avc1 / 0x31637661), yuv420p(tv, bt709, progressive), 1920x1080 [SAR 1:1 DAR 16:9], 5761 kb/s, 59.94 fps, 59.94 tbr, 60k tbn (default)
    Metadata:
      handler_name    : VideoHandler
      encoder         : Lavc62.28.100 libx264
  Stream #0:1[0x2](und): Audio: flac (fLaC / 0x43614C66), 48000 Hz, stereo, s32 (24 bit), 1910 kb/s (default)
    Metadata:
      handler_name    : SoundHandler
Stream mapping:
  Stream #0:0 -> #0:0 (copy)
  Stream #0:1 -> #0:1 (flac (native) -> pcm_s24le (native))
Output #0, matroska, to '/var/tmp/megacut-4fyur41l/seg010.mkv':
  Metadata:
    major_brand     : isom
    minor_version   : 512
    compatible_brands: isomiso2avc1mp41
    encoder         : Lavf63.1.101
  Stream #0:0(und): Video: h264 (High) (avc1 / 0x31637661), yuv420p(tv, bt709, progressive), 1920x1080 [SAR 1:1 DAR 16:9], q=2-31, 5761 kb/s, 59.94 fps, 59.94 tbr, 1k tbn (default)
    Metadata:
      handler_name    : VideoHandler
      encoder         : Lavc62.28.100 libx264
  Stream #0:1(und): Audio: pcm_s24le ([1][0][0][0] / 0x0001), 48000 Hz, stereo, s32 (24 bit), 2304 kb/s (default)
    Metadata:
      encoder         : Lavc63.1.101 pcm_s24le
      handler_name    : SoundHandler
Input #0, mov,mp4,m4a,3gp,3g2,mj2, from '/var/home/jorge/src/destiny-vids/renders/ending/mission-pause.mp4':
  Metadata:
    major_brand     : isom
    minor_version   : 512
    compatible_brands: isomiso2avc1mp41
    encoder         : Lavf63.1.101
  Duration: 00:00:23.02, start: 0.000000, bitrate: 3326 kb/s
  Stream #0:0[0x1](und): Video: h264 (High) (avc1 / 0x31637661), yuv420p(tv, bt709, progressive), 1920x1080 [SAR 1:1 DAR 16:9], 3320 kb/s, 59.94 fps, 59.94 tbr, 60k tbn (default)
    Metadata:
      handler_name    : VideoHandler
      encoder         : Lavc63.1.101 libx264
Input #1, lavfi, from 'anullsrc=channel_layout=stereo:sample_rate=48000:d=23.023':
  Duration: N/A, start: 0.000000, bitrate: 768 kb/s
  Stream #1:0: Audio: pcm_u8, 48000 Hz, stereo, u8, 768 kb/s
Stream mapping:
  Stream #0:0 -> #0:0 (copy)
  Stream #1:0 -> #0:1 (pcm_u8 (native) -> pcm_s24le (native))
Output #0, matroska, to '/var/tmp/megacut-4fyur41l/seg012.mkv':
  Metadata:
    major_brand     : isom
    minor_version   : 512
    compatible_brands: isomiso2avc1mp41
    encoder         : Lavf63.1.101
  Stream #0:0(und): Video: h264 (High) (avc1 / 0x31637661), yuv420p(tv, bt709, progressive), 1920x1080 [SAR 1:1 DAR 16:9], q=2-31, 3320 kb/s, 59.94 fps, 59.94 tbr, 1k tbn (default)
    Metadata:
      handler_name    : VideoHandler
      encoder         : Lavc63.1.101 libx264
  Stream #0:1: Audio: pcm_s24le ([1][0][0][0] / 0x0001), 48000 Hz, stereo, s32 (24 bit), 2304 kb/s
    Metadata:
      encoder         : Lavc63.1.101 pcm_s24le
[out#0/matroska @ 0x55ee703a2c00] video:9333KiB audio:6475KiB subtitle:0KiB other streams:0KiB global headers:0KiB muxing overhead: 0.113037%
frame= 1380 fps=0.0 q=-1.0 Lsize=   15826KiB time=00:00:23.02 bitrate=5631.2kbits/s speed=1.11e+03x elapsed=0:00:00.02    
[out#0/matroska @ 0x55cea51e4a80] video:81274KiB audio:32501KiB subtitle:0KiB other streams:0KiB global headers:0KiB muxing overhead: 0.055085%
frame= 6927 fps=0.0 q=-1.0 Lsize=  113838KiB time=00:01:55.56 bitrate=8069.9kbits/s speed= 905x elapsed=0:00:00.12    
Input #0, mov,mp4,m4a,3gp,3g2,mj2, from '/var/home/jorge/Videos/Wolves/Prod/08-credits.mp4':
  Metadata:
    major_brand     : isom
    minor_version   : 512
    compatible_brands: isomiso2avc1mp41
    encoder         : Lavf62.12.100
  Duration: 00:07:36.68, start: 0.000000, bitrate: 3235 kb/s
  Stream #0:0[0x1](und): Video: h264 (High) (avc1 / 0x31637661), yuv420p(tv, bt709, progressive), 1920x1080 [SAR 1:1 DAR 16:9], 1445 kb/s, 59.94 fps, 59.94 tbr, 60k tbn (default)
    Metadata:
      handler_name    : VideoHandler
      encoder         : Lavc62.28.100 libx264
  Stream #0:1[0x2](und): Audio: flac (fLaC / 0x43614C66), 48000 Hz, stereo, s32 (24 bit), 1782 kb/s (default)
    Metadata:
      handler_name    : SoundHandler
Stream mapping:
  Stream #0:0 -> #0:0 (copy)
  Stream #0:1 -> #0:1 (flac (native) -> pcm_s24le (native))
Output #0, matroska, to '/var/tmp/megacut-4fyur41l/seg015.mkv':
  Metadata:
    major_brand     : isom
    minor_version   : 512
    compatible_brands: isomiso2avc1mp41
    encoder         : Lavf63.1.101
  Stream #0:0(und): Video: h264 (High) (avc1 / 0x31637661), yuv420p(tv, bt709, progressive), 1920x1080 [SAR 1:1 DAR 16:9], q=2-31, 1445 kb/s, 59.94 fps, 59.94 tbr, 1k tbn (default)
    Metadata:
      handler_name    : VideoHandler
      encoder         : Lavc62.28.100 libx264
  Stream #0:1(und): Audio: pcm_s24le ([1][0][0][0] / 0x0001), 48000 Hz, stereo, s32 (24 bit), 2304 kb/s (default)
    Metadata:
      encoder         : Lavc63.1.101 pcm_s24le
      handler_name    : SoundHandler
[out#0/matroska @ 0x560ae011c880] video:80573KiB audio:128440KiB subtitle:0KiB other streams:0KiB global headers:0KiB muxing overhead: 0.099291%
frame=27373 fps=0.0 q=-1.0 Lsize=  209221KiB time=00:07:36.67 bitrate=3753.1kbits/s speed=1.61e+03x elapsed=0:00:00.28    
farm[seg008]: workflow farm-seg008-09v1 submitted (node exo-0, 1 encode x up to 24 cpu)
farm[seg008]: waiting for the pod (image pull on first run ~5 min)…
farm[seg001]: workflow farm-seg001-11vm submitted (node exo-0, 1 encode x up to 24 cpu)
farm[seg003]: workflow farm-seg003-6gx8 submitted (node exo-0, 1 encode x up to 24 cpu)
farm[seg001]: waiting for the pod (image pull on first run ~5 min)…
farm[seg003]: waiting for the pod (image pull on first run ~5 min)…
farm[seg008]: uploading 0.1 MiB (plate_scream.png) …
  [farm-seg008-09v1] 03:03:53 [farm] pod up on farm-seg008-09v1; waiting for input
farm[seg008]: uploaded in 0s
  [farm-seg008-09v1] 03:03:55 [farm] input arrived:
  [farm-seg008-09v1] total 72
  [farm-seg008-09v1] -rw-r--r--. 1 1000 1000 73356 Aug 17 03:03 00-plate_scream.png
  [farm-seg008-09v1] 03:03:55 [farm] running: ffmpeg -nostdin -hide_banner -loop 1 -framerate 60000/1001 -t 5.0 -i /work/in/00-plate_scream.png -filter_complex 'color=c=black:s=1920x1080:r=60000/1001:d=5.0[bg0];[0:v]scale=1920:1080:flags=lanczos,format=rgba[fg0];[bg0][fg0]overlay=0:0:shortest=1,fps=60000/1001,format=yuv420p,setsar=1,setpts=PTS-STARTPTS[v0];anullsrc=channel_layout=stereo:sample_rate=48000:d=5.0,asetpts=PTS-STARTPTS[a0];[v0]null[vout];[a0]anull[aout]' -map '[vout]' -map '[aout]' -c:v libx264 -preset slow -crf 16 -pix_fmt yuv420p -profile:v high -level:v 4.2 -flags +cgop -color_primaries bt709 -color_trc bt709 -colorspace bt709 -x264-params colorprim=bt709:transfer=bt709:colormatrix=bt709 -threads 8 -c:a pcm_s24le -ar 48000 /work/out/seg008.mkv -y
farm[seg001]: uploading 93.6 MiB (01-intro.mp4) …
farm[seg003]: uploading 273.4 MiB (02-endlessformsmostbeautiful.mp4) …
  [farm-seg001-11vm] 03:03:55 [farm] pod up on farm-seg001-11vm; waiting for input
  [farm-seg003-6gx8] 03:03:55 [farm] pod up on farm-seg003-6gx8; waiting for input
  [farm-seg008-09v1] 03:03:56 [farm] encoded out/seg008.mkv duration=5.005000s; waiting for fetch
farm[seg001]: uploaded in 2s
  [farm-seg001-11vm] 03:03:59 [farm] input arrived:
  [farm-seg001-11vm] total 95876
  [farm-seg001-11vm] -rw-r--r--. 1 1000 1000 98176495 Aug 17 03:03 00-01-intro.mp4
  [farm-seg001-11vm] 03:03:59 [farm] running: ffmpeg -nostdin -hide_banner -i /work/in/00-01-intro.mp4 -vf scale=1920:1080:flags=lanczos,setsar=1,fps=60000/1001,format=yuv420p,trim=start=2.0:end=111.567,setpts=PTS-STARTPTS -af atrim=start=2.0:end=111.567,asetpts=PTS-STARTPTS,aresample=48000,aformat=sample_fmts=fltp:channel_layouts=stereo,volume=+2.3dB,afade=t=out:st=107.567:d=2.000 -map 0:v:0 -map 0:a:0 -t 109.567 -c:v libx264 -preset slow -crf 16 -pix_fmt yuv420p -profile:v high -level:v 4.2 -flags +cgop -color_primaries bt709 -color_trc bt709 -colorspace bt709 -x264-params colorprim=bt709:transfer=bt709:colormatrix=bt709 -threads 8 -c:a pcm_s24le -ar 48000 /work/out/seg001.mkv -y
farm[seg003]: uploaded in 4s
farm[seg008]: downloaded out/seg008.mkv in 0s
  [farm-seg008-09v1] 03:04:00 [farm] output fetched; pod done
  [farm-seg008-09v1] time="2026-08-17T03:04:00.671Z" level=info msg="sub-process exited" argo=true error="<nil>"
  [farm-seg003-6gx8] 03:04:01 [farm] input arrived:
  [farm-seg003-6gx8] total 279932
  [farm-seg003-6gx8] -rw-r--r--. 1 1000 1000 286646725 Aug 17 03:03 00-02-endlessformsmostbeautiful.mp4
  [farm-seg003-6gx8] 03:04:01 [farm] running: ffmpeg -nostdin -hide_banner -i /work/in/00-02-endlessformsmostbeautiful.mp4 -vf scale=1920:1080:flags=lanczos,setsar=1,fps=60000/1001,format=yuv420p,trim=start=10.666667,setpts=PTS-STARTPTS -af atrim=start=10.666667,asetpts=PTS-STARTPTS,aresample=48000,aformat=sample_fmts=fltp:channel_layouts=stereo -map 0:v:0 -map 0:a:0 -t 319.4 -c:v libx264 -preset slow -crf 16 -pix_fmt yuv420p -profile:v high -level:v 4.2 -flags +cgop -color_primaries bt709 -color_trc bt709 -colorspace bt709 -x264-params colorprim=bt709:transfer=bt709:colormatrix=bt709 -threads 8 -c:a pcm_s24le -ar 48000 /work/out/seg003.mkv -y
farm[seg009]: workflow farm-seg009-z79l submitted (node exo-0, 1 encode x up to 24 cpu)
farm[seg009]: waiting for the pod (image pull on first run ~5 min)…
farm[seg009]: uploading 405.1 MiB (06-7daystothewolves.mp4) …
  [farm-seg009-z79l] 03:04:19 [farm] pod up on farm-seg009-z79l; waiting for input
farm[seg009]: uploaded in 4s
  [farm-seg009-z79l] 03:04:25 [farm] input arrived:
  [farm-seg009-z79l] total 414804
  [farm-seg009-z79l] -rw-r--r--. 1 1000 1000 424757522 Aug 17 03:04 00-06-7daystothewolves.mp4
  [farm-seg009-z79l] 03:04:25 [farm] running: ffmpeg -nostdin -hide_banner -i /work/in/00-06-7daystothewolves.mp4 -vf scale=1920:1080:flags=lanczos,setsar=1,fps=60000/1001,format=yuv420p,trim=start=10.0:end=430.997,setpts=PTS-STARTPTS -af atrim=start=10.0:end=430.997,asetpts=PTS-STARTPTS,aresample=48000,aformat=sample_fmts=fltp:channel_layouts=stereo,afade=t=in:st=0:d=2.000 -map 0:v:0 -map 0:a:0 -t 420.997 -c:v libx264 -preset slow -crf 16 -pix_fmt yuv420p -profile:v high -level:v 4.2 -flags +cgop -color_primaries bt709 -color_trc bt709 -colorspace bt709 -x264-params colorprim=bt709:transfer=bt709:colormatrix=bt709 -threads 8 -c:a pcm_s24le -ar 48000 /work/out/seg009.mkv -y
  [farm-seg001-11vm] 03:05:25 [farm] encoded out/seg001.mkv duration=109.567000s; waiting for fetch
farm[seg001]: downloaded out/seg001.mkv in 1s
  [farm-seg001-11vm] 03:05:31 [farm] output fetched; pod done
  [farm-seg001-11vm] time="2026-08-17T03:05:32.776Z" level=info msg="sub-process exited" argo=true error="<nil>"
farm[seg011]: workflow farm-seg011-ei08 submitted (node exo-0, 1 encode x up to 24 cpu)
farm[seg011]: waiting for the pod (image pull on first run ~5 min)…
farm[seg011]: uploading 117.1 MiB (07-europa.mp4) …
  [farm-seg011-ei08] 03:05:51 [farm] pod up on farm-seg011-ei08; waiting for input
farm[seg011]: uploaded in 1s
  [farm-seg011-ei08] 03:05:55 [farm] input arrived:
  [farm-seg011-ei08] total 119900
  [farm-seg011-ei08] -rw-r--r--. 1 1000 1000 122774171 Aug 17 03:05 00-07-europa.mp4
  [farm-seg011-ei08] 03:05:55 [farm] running: ffmpeg -nostdin -hide_banner -i /work/in/00-07-europa.mp4 -vf scale=1920:1080:flags=lanczos,setsar=1,fps=60000/1001,format=yuv420p,trim=end=95.333333,setpts=PTS-STARTPTS -af atrim=end=95.333333,asetpts=PTS-STARTPTS,aresample=48000,aformat=sample_fmts=fltp:channel_layouts=stereo -map 0:v:0 -map 0:a:0 -t 95.333333 -c:v libx264 -preset slow -crf 16 -pix_fmt yuv420p -profile:v high -level:v 4.2 -flags +cgop -color_primaries bt709 -color_trc bt709 -colorspace bt709 -x264-params colorprim=bt709:transfer=bt709:colormatrix=bt709 -threads 8 -c:a pcm_s24le -ar 48000 /work/out/seg011.mkv -y
  [farm-seg011-ei08] 03:07:11 [farm] encoded out/seg011.mkv duration=95.333000s; waiting for fetch
farm[seg011]: downloaded out/seg011.mkv in 1s
  [farm-seg011-ei08] 03:07:13 [farm] output fetched; pod done
  [farm-seg011-ei08] time="2026-08-17T03:07:13.833Z" level=info msg="sub-process exited" argo=true error="<nil>"
farm[seg013]: workflow farm-seg013-25tm submitted (node exo-0, 1 encode x up to 24 cpu)
farm[seg013]: waiting for the pod (image pull on first run ~5 min)…
farm[seg013]: uploading 91.4 MiB (perfume-5.mp4) …
  [farm-seg013-25tm] 03:07:31 [farm] pod up on farm-seg013-25tm; waiting for input
farm[seg013]: uploaded in 1s
  [farm-seg013-25tm] 03:07:33 [farm] input arrived:
  [farm-seg013-25tm] total 93592
  [farm-seg013-25tm] -rw-r--r--. 1 1000 1000 95835441 Aug 17 03:07 00-perfume-5.mp4
  [farm-seg013-25tm] 03:07:33 [farm] running: ffmpeg -nostdin -hide_banner -i /work/in/00-perfume-5.mp4 -vf scale=1920:1080:flags=lanczos,setsar=1,fps=60000/1001,format=yuv420p,trim=end=3.76,setpts=PTS-STARTPTS -af atrim=end=3.76,asetpts=PTS-STARTPTS,aresample=48000,aformat=sample_fmts=fltp:channel_layouts=stereo -map 0:v:0 -map 0:a:0 -t 3.76 -c:v libx264 -preset slow -crf 16 -pix_fmt yuv420p -profile:v high -level:v 4.2 -flags +cgop -color_primaries bt709 -color_trc bt709 -colorspace bt709 -x264-params colorprim=bt709:transfer=bt709:colormatrix=bt709 -threads 8 -c:a pcm_s24le -ar 48000 /work/out/seg013.mkv -y
  [farm-seg013-25tm] 03:07:35 [farm] encoded out/seg013.mkv duration=3.760000s; waiting for fetch
farm[seg013]: downloaded out/seg013.mkv in 0s
  [farm-seg013-25tm] 03:07:39 [farm] output fetched; pod done
  [farm-seg013-25tm] time="2026-08-17T03:07:39.651Z" level=info msg="sub-process exited" argo=true error="<nil>"
farm[seg014]: workflow farm-seg014-gs3d submitted (node exo-0, 1 encode x up to 24 cpu)
farm[seg014]: waiting for the pod (image pull on first run ~5 min)…
farm[seg014]: uploading 20.8 MiB (perfume-5-ending.mp4) …
  [farm-seg014-gs3d] 03:07:56 [farm] pod up on farm-seg014-gs3d; waiting for input
  [farm-seg014-gs3d] time="2026-08-17T03:07:59.047Z" level=info msg="sub-process exited" argo=true error="<nil>"
  [farm-seg014-gs3d] Error: exit status 143
  [farm-seg003-6gx8] 03:08:09 [farm] encoded out/seg003.mkv duration=319.403000s; waiting for fetch
farm[seg003]: downloaded out/seg003.mkv in 3s
  [farm-seg003-6gx8] 03:08:15 [farm] output fetched; pod done
  [farm-seg003-6gx8] time="2026-08-17T03:08:15.863Z" level=info msg="sub-process exited" argo=true error="<nil>"
  [farm-seg009-z79l] 03:09:31 [farm] encoded out/seg009.mkv duration=421.004000s; waiting for fetch
farm[seg009]: downloaded out/seg009.mkv in 4s
  [farm-seg009-z79l] 03:09:37 [farm] output fetched; pod done
  [farm-seg009-z79l] time="2026-08-17T03:09:38.234Z" level=info msg="sub-process exited" argo=true error="<nil>"
Traceback (most recent call last):
  File "/var/home/jorge/src/destiny-vids/tools/farm.py", line 807, in run_ffmpeg_on_cluster
    facts = probe(out, ffprobe)
  File "/var/home/jorge/src/destiny-vids/tools/farm.py", line 147, in probe
    raise FarmError(f"ffprobe cannot read {path}: {proc.stderr.strip()[:200]}")
tools.farm.FarmError: ffprobe cannot read /var/tmp/megacut-4fyur41l/seg001.mkv: /var/tmp/megacut-4fyur41l/seg001.mkv: No such file or directory

During handling of the above exception, another exception occurred:

Traceback (most recent call last):
  File "/var/home/jorge/src/destiny-vids/tools/megacut.py", line 1568, in <module>
    raise SystemExit(main())
                     ~~~~^^
  File "/var/home/jorge/src/destiny-vids/tools/megacut.py", line 1559, in main
    assemble(plan, out_path, jobs=args.jobs,
    ~~~~~~~~^^^^^^^^^^^^^^^^^^^^^^^^^^^^^^^^
             conform_cache=args.conform_cache, allow_copy=not args.no_copy,
             ^^^^^^^^^^^^^^^^^^^^^^^^^^^^^^^^^^^^^^^^^^^^^^^^^^^^^^^^^^^^^^
             use_farm=use_farm, farm_jobs=args.farm_jobs,
             ^^^^^^^^^^^^^^^^^^^^^^^^^^^^^^^^^^^^^^^^^^^^
             farm_threads=args.farm_threads)
             ^^^^^^^^^^^^^^^^^^^^^^^^^^^^^^^
  File "/var/home/jorge/src/destiny-vids/tools/megacut.py", line 1153, in assemble
    fut.result()
    ~~~~~~~~~~^^
  File "/usr/lib/python3.13/concurrent/futures/_base.py", line 460, in result
    return self.__get_result()
           ~~~~~~~~~~~~~~~~~^^
  File "/usr/lib/python3.13/concurrent/futures/_base.py", line 402, in __get_result
    raise self._exception
  File "/usr/lib/python3.13/concurrent/futures/thread.py", line 59, in run
    result = self.fn(*self.args, **self.kwargs)
  File "/var/home/jorge/src/destiny-vids/tools/megacut.py", line 1040, in _farm_segment_worker
    farm.run_ffmpeg_on_cluster(argv, inputs=[src], out=seg,
    ~~~~~~~~~~~~~~~~~~~~~~~~~~^^^^^^^^^^^^^^^^^^^^^^^^^^^^^
                               expected_duration=item_duration(item),
                               ^^^^^^^^^^^^^^^^^^^^^^^^^^^^^^^^^^^^^^
                               label=f"farm[seg{index:03d}]")
                               ^^^^^^^^^^^^^^^^^^^^^^^^^^^^^^
  File "/var/home/jorge/src/destiny-vids/tools/farm.py", line 809, in run_ffmpeg_on_cluster
    raise FarmError(f"fetched output does not probe as media: {exc}")
tools.farm.FarmError: fetched output does not probe as media: ffprobe cannot read /var/tmp/megacut-4fyur41l/seg001.mkv: /var/tmp/megacut-4fyur41l/seg001.mkv: No such file or directory
